Archive member included to satisfy reference by file (symbol)

/home/mohamedlassine/Ac6/SystemWorkbench/plugins/fr.ac6.mcu.externaltools.arm-none.linux64_1.17.0.201812190825/tools/compiler/bin/../lib/gcc/arm-none-eabi/7.3.1/thumb/v7e-m/fpv4-sp/hard/libgcc.a(_aeabi_uldivmod.o)
                              Drivers/STM32F4xx_HAL_Driver/Src/stm32f4xx_hal_rcc.o (__aeabi_uldivmod)
/home/mohamedlassine/Ac6/SystemWorkbench/plugins/fr.ac6.mcu.externaltools.arm-none.linux64_1.17.0.201812190825/tools/compiler/bin/../lib/gcc/arm-none-eabi/7.3.1/thumb/v7e-m/fpv4-sp/hard/libgcc.a(_udivmoddi4.o)
                              /home/mohamedlassine/Ac6/SystemWorkbench/plugins/fr.ac6.mcu.externaltools.arm-none.linux64_1.17.0.201812190825/tools/compiler/bin/../lib/gcc/arm-none-eabi/7.3.1/thumb/v7e-m/fpv4-sp/hard/libgcc.a(_aeabi_uldivmod.o) (__udivmoddi4)
/home/mohamedlassine/Ac6/SystemWorkbench/plugins/fr.ac6.mcu.externaltools.arm-none.linux64_1.17.0.201812190825/tools/compiler/bin/../lib/gcc/arm-none-eabi/7.3.1/thumb/v7e-m/fpv4-sp/hard/libgcc.a(_dvmd_tls.o)
                              /home/mohamedlassine/Ac6/SystemWorkbench/plugins/fr.ac6.mcu.externaltools.arm-none.linux64_1.17.0.201812190825/tools/compiler/bin/../lib/gcc/arm-none-eabi/7.3.1/thumb/v7e-m/fpv4-sp/hard/libgcc.a(_aeabi_uldivmod.o) (__aeabi_ldiv0)
/home/mohamedlassine/Ac6/SystemWorkbench/plugins/fr.ac6.mcu.externaltools.arm-none.linux64_1.17.0.201812190825/tools/compiler/bin/../lib/gcc/arm-none-eabi/7.3.1/../../../../arm-none-eabi/lib/thumb/v7e-m/fpv4-sp/hard/libc_nano.a(lib_a-errno.o)
                              Core/Src/syscalls.o (__errno)
/home/mohamedlassine/Ac6/SystemWorkbench/plugins/fr.ac6.mcu.externaltools.arm-none.linux64_1.17.0.201812190825/tools/compiler/bin/../lib/gcc/arm-none-eabi/7.3.1/../../../../arm-none-eabi/lib/thumb/v7e-m/fpv4-sp/hard/libc_nano.a(lib_a-exit.o)
                              /home/mohamedlassine/Ac6/SystemWorkbench/plugins/fr.ac6.mcu.externaltools.arm-none.linux64_1.17.0.201812190825/tools/compiler/bin/../lib/gcc/arm-none-eabi/7.3.1/../../../../arm-none-eabi/lib/thumb/v7e-m/fpv4-sp/hard/crt0.o (exit)
/home/mohamedlassine/Ac6/SystemWorkbench/plugins/fr.ac6.mcu.externaltools.arm-none.linux64_1.17.0.201812190825/tools/compiler/bin/../lib/gcc/arm-none-eabi/7.3.1/../../../../arm-none-eabi/lib/thumb/v7e-m/fpv4-sp/hard/libc_nano.a(lib_a-impure.o)
                              /home/mohamedlassine/Ac6/SystemWorkbench/plugins/fr.ac6.mcu.externaltools.arm-none.linux64_1.17.0.201812190825/tools/compiler/bin/../lib/gcc/arm-none-eabi/7.3.1/../../../../arm-none-eabi/lib/thumb/v7e-m/fpv4-sp/hard/libc_nano.a(lib_a-exit.o) (_global_impure_ptr)
/home/mohamedlassine/Ac6/SystemWorkbench/plugins/fr.ac6.mcu.externaltools.arm-none.linux64_1.17.0.201812190825/tools/compiler/bin/../lib/gcc/arm-none-eabi/7.3.1/../../../../arm-none-eabi/lib/thumb/v7e-m/fpv4-sp/hard/libc_nano.a(lib_a-init.o)
                              /home/mohamedlassine/Ac6/SystemWorkbench/plugins/fr.ac6.mcu.externaltools.arm-none.linux64_1.17.0.201812190825/tools/compiler/bin/../lib/gcc/arm-none-eabi/7.3.1/../../../../arm-none-eabi/lib/thumb/v7e-m/fpv4-sp/hard/crt0.o (__libc_init_array)
/home/mohamedlassine/Ac6/SystemWorkbench/plugins/fr.ac6.mcu.externaltools.arm-none.linux64_1.17.0.201812190825/tools/compiler/bin/../lib/gcc/arm-none-eabi/7.3.1/../../../../arm-none-eabi/lib/thumb/v7e-m/fpv4-sp/hard/libc_nano.a(lib_a-memset.o)
                              /home/mohamedlassine/Ac6/SystemWorkbench/plugins/fr.ac6.mcu.externaltools.arm-none.linux64_1.17.0.201812190825/tools/compiler/bin/../lib/gcc/arm-none-eabi/7.3.1/../../../../arm-none-eabi/lib/thumb/v7e-m/fpv4-sp/hard/crt0.o (memset)

Allocating common symbols
Common symbol       size              file

hi2c1               0x54              Core/Src/main.o
uwTick              0x4               Drivers/STM32F4xx_HAL_Driver/Src/stm32f4xx_hal.o
pFlash              0x20              Drivers/STM32F4xx_HAL_Driver/Src/stm32f4xx_hal_flash.o
huart2              0x40              Core/Src/main.o

Discarded input sections

 .text          0x0000000000000000        0x0 /home/mohamedlassine/Ac6/SystemWorkbench/plugins/fr.ac6.mcu.externaltools.arm-none.linux64_1.17.0.201812190825/tools/compiler/bin/../lib/gcc/arm-none-eabi/7.3.1/thumb/v7e-m/fpv4-sp/hard/crti.o
 .data          0x0000000000000000        0x0 /home/mohamedlassine/Ac6/SystemWorkbench/plugins/fr.ac6.mcu.externaltools.arm-none.linux64_1.17.0.201812190825/tools/compiler/bin/../lib/gcc/arm-none-eabi/7.3.1/thumb/v7e-m/fpv4-sp/hard/crti.o
 .bss           0x0000000000000000        0x0 /home/mohamedlassine/Ac6/SystemWorkbench/plugins/fr.ac6.mcu.externaltools.arm-none.linux64_1.17.0.201812190825/tools/compiler/bin/../lib/gcc/arm-none-eabi/7.3.1/thumb/v7e-m/fpv4-sp/hard/crti.o
[...]
Memory Configuration

Name             Origin             Length             Attributes
RAM              0x0000000020000000 0x0000000000018000 xrw
FLASH            0x0000000008000000 0x0000000000080000 xr
*default*        0x0000000000000000 0xffffffffffffffff

Linker script and memory map

LOAD /home/mohamedlassine/Ac6/SystemWorkbench/plugins/fr.ac6.mcu.externaltools.arm-none.linux64_1.17.0.201812190825/tools/compiler/bin/../lib/gcc/arm-none-eabi/7.3.1/thumb/v7e-m/fpv4-sp/hard/crti.o
LOAD /home/mohamedlassine/Ac6/SystemWorkbench/plugins/fr.ac6.mcu.externaltools.arm-none.linux64_1.17.0.201812190825/tools/compiler/bin/../lib/gcc/arm-none-eabi/7.3.1/thumb/v7e-m/fpv4-sp/hard/crtbegin.o
LOAD /home/mohamedlassine/Ac6/SystemWorkbench/plugins/fr.ac6.mcu.externaltools.arm-none.linux64_1.17.0.201812190825/tools/compiler/bin/../lib/gcc/arm-none-eabi/7.3.1/../../../../arm-none-eabi/lib/thumb/v7e-m/fpv4-sp/hard/crt0.o
LOAD Core/Src/main.o
LOAD Core/Src/stm32f4xx_hal_msp.o
LOAD Core/Src/stm32f4xx_it.o
LOAD Core/Src/syscalls.o
LOAD Core/Src/system_stm32f4xx.o
LOAD Drivers/STM32F4xx_HAL_Driver/Src/stm32f4xx_hal.o
LOAD Drivers/STM32F4xx_HAL_Driver/Src/stm32f4xx_hal_cortex.o
LOAD Drivers/STM32F4xx_HAL_Driver/Src/stm32f4xx_hal_dma.o
LOAD Drivers/STM32F4xx_HAL_Driver/Src/stm32f4xx_hal_dma_ex.o
LOAD Drivers/STM32F4xx_HAL_Driver/Src/stm32f4xx_hal_exti.o
LOAD Drivers/STM32F4xx_HAL_Driver/Src/stm32f4xx_hal_flash.o
LOAD Drivers/STM32F4xx_HAL_Driver/Src/stm32f4xx_hal_flash_ex.o
LOAD Drivers/STM32F4xx_HAL_Driver/Src/stm32f4xx_hal_flash_ramfunc.o
LOAD Drivers/STM32F4xx_HAL_Driver/Src/stm32f4xx_hal_gpio.o
LOAD Drivers/STM32F4xx_HAL_Driver/Src/stm32f4xx_hal_i2c.o
LOAD Drivers/STM32F4xx_HAL_Driver/Src/stm32f4xx_hal_i2c_ex.o
LOAD Drivers/STM32F4xx_HAL_Driver/Src/stm32f4xx_hal_pwr.o
LOAD Drivers/STM32F4xx_HAL_Driver/Src/stm32f4xx_hal_pwr_ex.o
LOAD Drivers/STM32F4xx_HAL_Driver/Src/stm32f4xx_hal_rcc.o
LOAD Drivers/STM32F4xx_HAL_Driver/Src/stm32f4xx_hal_rcc_ex.o
LOAD Drivers/STM32F4xx_HAL_Driver/Src/stm32f4xx_hal_tim.o
LOAD Drivers/STM32F4xx_HAL_Driver/Src/stm32f4xx_hal_tim_ex.o
LOAD Drivers/STM32F4xx_HAL_Driver/Src/stm32f4xx_hal_uart.o
LOAD startup/startup_stm32f401xe.o
LOAD /home/mohamedlassine/Ac6/SystemWorkbench/plugins/fr.ac6.mcu.externaltools.arm-none.linux64_1.17.0.201812190825/tools/compiler/bin/../lib/gcc/arm-none-eabi/7.3.1/../../../../arm-none-eabi/lib/thumb/v7e-m/fpv4-sp/hard/libm.a
START GROUP
LOAD /home/mohamedlassine/Ac6/SystemWorkbench/plugins/fr.ac6.mcu.externaltools.arm-none.linux64_1.17.0.201812190825/tools/compiler/bin/../lib/gcc/arm-none-eabi/7.3.1/thumb/v7e-m/fpv4-sp/hard/libgcc.a
LOAD /home/mohamedlassine/Ac6/SystemWorkbench/plugins/fr.ac6.mcu.externaltools.arm-none.linux64_1.17.0.201812190825/tools/compiler/bin/../lib/gcc/arm-none-eabi/7.3.1/../../../../arm-none-eabi/lib/thumb/v7e-m/fpv4-sp/hard/libc_nano.a
END GROUP
START GROUP
LOAD /home/mohamedlassine/Ac6/SystemWorkbench/plugins/fr.ac6.mcu.externaltools.arm-none.linux64_1.17.0.201812190825/tools/compiler/bin/../lib/gcc/arm-none-eabi/7.3.1/thumb/v7e-m/fpv4-sp/hard/libgcc.a
LOAD /home/mohamedlassine/Ac6/SystemWorkbench/plugins/fr.ac6.mcu.externaltools.arm-none.linux64_1.17.0.201812190825/tools/compiler/bin/../lib/gcc/arm-none-eabi/7.3.1/../../../../arm-none-eabi/lib/thumb/v7e-m/fpv4-sp/hard/libc_nano.a
LOAD /home/mohamedlassine/Ac6/SystemWorkbench/plugins/fr.ac6.mcu.externaltools.arm-none.linux64_1.17.0.201812190825/tools/compiler/bin/../lib/gcc/arm-none-eabi/7.3.1/../../../../arm-none-eabi/lib/thumb/v7e-m/fpv4-sp/hard/libnosys.a
END GROUP
START GROUP
LOAD /home/mohamedlassine/Ac6/SystemWorkbench/plugins/fr.ac6.mcu.externaltools.arm-none.linux64_1.17.0.201812190825/tools/compiler/bin/../lib/gcc/arm-none-eabi/7.3.1/thumb/v7e-m/fpv4-sp/hard/libgcc.a
LOAD /home/mohamedlassine/Ac6/SystemWorkbench/plugins/fr.ac6.mcu.externaltools.arm-none.linux64_1.17.0.201812190825/tools/compiler/bin/../lib/gcc/arm-none-eabi/7.3.1/../../../../arm-none-eabi/lib/thumb/v7e-m/fpv4-sp/hard/libc_nano.a
LOAD /home/mohamedlassine/Ac6/SystemWorkbench/plugins/fr.ac6.mcu.externaltools.arm-none.linux64_1.17.0.201812190825/tools/compiler/bin/../lib/gcc/arm-none-eabi/7.3.1/../../../../arm-none-eabi/lib/thumb/v7e-m/fpv4-sp/hard/libnosys.a
END GROUP
LOAD /home/mohamedlassine/Ac6/SystemWorkbench/plugins/fr.ac6.mcu.externaltools.arm-none.linux64_1.17.0.201812190825/tools/compiler/bin/../lib/gcc/arm-none-eabi/7.3.1/thumb/v7e-m/fpv4-sp/hard/crtend.o
LOAD /home/mohamedlassine/Ac6/SystemWorkbench/plugins/fr.ac6.mcu.externaltools.arm-none.linux64_1.17.0.201812190825/tools/compiler/bin/../lib/gcc/arm-none-eabi/7.3.1/thumb/v7e-m/fpv4-sp/hard/crtn.o
                0x0000000020018000                _estack = 0x20018000
                0x0000000000000200                _Min_Heap_Size = 0x200
                0x0000000000000400                _Min_Stack_Size = 0x400

.isr_vector     0x0000000008000000      0x194
                0x0000000008000000                . = ALIGN (0x4)
 *(.isr_vector)
 .isr_vector    0x0000000008000000      0x194 startup/startup_stm32f401xe.o
                0x0000000008000000                g_pfnVectors
                0x0000000008000194                . = ALIGN (0x4)

.text           0x0000000008000194     0x1a28
                0x0000000008000194                . = ALIGN (0x4)
 *(.text)
 .text          0x0000000008000194       0x40 /home/mohamedlassine/Ac6/SystemWorkbench/plugins/fr.ac6.mcu.externaltools.arm-none.linux64_1.17.0.201812190825/tools/compiler/bin/../lib/gcc/arm-none-eabi/7.3.1/thumb/v7e-m/fpv4-sp/hard/crtbegin.o
 .text          0x00000000080001d4       0x30 /home/mohamedlassine/Ac6/SystemWorkbench/plugins/fr.ac6.mcu.externaltools.arm-none.linux64_1.17.0.201812190825/tools/compiler/bin/../lib/gcc/arm-none-eabi/7.3.1/thumb/v7e-m/fpv4-sp/hard/libgcc.a(_aeabi_uldivmod.o)
                0x00000000080001d4                __aeabi_uldivmod
 .text          0x0000000008000204      0x2cc /home/mohamedlassine/Ac6/SystemWorkbench/plugins/fr.ac6.mcu.externaltools.arm-none.linux64_1.17.0.201812190825/tools/compiler/bin/../lib/gcc/arm-none-eabi/7.3.1/thumb/v7e-m/fpv4-sp/hard/libgcc.a(_udivmoddi4.o)
                0x0000000008000204                __udivmoddi4
 .text          0x00000000080004d0        0x4 /home/mohamedlassine/Ac6/SystemWorkbench/plugins/fr.ac6.mcu.externaltools.arm-none.linux64_1.17.0.201812190825/tools/compiler/bin/../lib/gcc/arm-none-eabi/7.3.1/thumb/v7e-m/fpv4-sp/hard/libgcc.a(_dvmd_tls.o)
                0x00000000080004d0                __aeabi_ldiv0
                0x00000000080004d0                __aeabi_idiv0
 *(.text*)
 .text.MX_GPIO_Init
                0x00000000080004d4       0xac Core/Src/main.o
 .text.MX_I2C1_Init
                0x0000000008000580       0x34 Core/Src/main.o
 .text.MX_USART2_UART_Init
                0x00000000080005b4       0x2c Core/Src/main.o
 .text.lcd_send_cmd
                0x00000000080005e0       0x48 Core/Src/main.o
                0x00000000080005e0                lcd_send_cmd
 .text.lcd_send_data
                0x0000000008000628       0x48 Core/Src/main.o
                0x0000000008000628                lcd_send_data
 .text.lcd_send_string
                0x0000000008000670       0x14 Core/Src/main.o
                0x0000000008000670                lcd_send_string
 .text.lcd_init
                0x0000000008000684       0x76 Core/Src/main.o
                0x0000000008000684                lcd_init
 *fill*         0x00000000080006fa        0x2 
 .text.SystemClock_Config
                0x00000000080006fc       0x94 Core/Src/main.o
                0x00000000080006fc                SystemClock_Config
 .text.main     0x0000000008000790       0x28 Core/Src/main.o
                0x0000000008000790                main
 .text.HAL_MspInit
                0x00000000080007b8       0x40 Core/Src/stm32f4xx_hal_msp.o
                0x00000000080007b8                HAL_MspInit
 .text.HAL_I2C_MspInit
                0x00000000080007f8       0x74 Core/Src/stm32f4xx_hal_msp.o
                0x00000000080007f8                HAL_I2C_MspInit
 .text.HAL_UART_MspInit
                0x000000000800086c       0x6c Core/Src/stm32f4xx_hal_msp.o
                0x000000000800086c                HAL_UART_MspInit
 .text.NMI_Handler
                0x00000000080008d8        0x2 Core/Src/stm32f4xx_it.o
                0x00000000080008d8                NMI_Handler
 .text.HardFault_Handler
                0x00000000080008da        0x2 Core/Src/stm32f4xx_it.o
                0x00000000080008da                HardFault_Handler
 .text.MemManage_Handler
                0x00000000080008dc        0x2 Core/Src/stm32f4xx_it.o
                0x00000000080008dc                MemManage_Handler
 .text.BusFault_Handler
                0x00000000080008de        0x2 Core/Src/stm32f4xx_it.o
                0x00000000080008de                BusFault_Handler
 .text.UsageFault_Handler
                0x00000000080008e0        0x2 Core/Src/stm32f4xx_it.o
                0x00000000080008e0                UsageFault_Handler
 .text.SVC_Handler
                0x00000000080008e2        0x2 Core/Src/stm32f4xx_it.o
                0x00000000080008e2                SVC_Handler
 .text.DebugMon_Handler
                0x00000000080008e4        0x2 Core/Src/stm32f4xx_it.o
                0x00000000080008e4                DebugMon_Handler
 .text.PendSV_Handler
                0x00000000080008e6        0x2 Core/Src/stm32f4xx_it.o
                0x00000000080008e6                PendSV_Handler
 .text.SysTick_Handler
                0x00000000080008e8        0x8 Core/Src/stm32f4xx_it.o
                0x00000000080008e8                SysTick_Handler
 .text.SystemInit
                0x00000000080008f0       0x1c Core/Src/system_stm32f4xx.o
                0x00000000080008f0                SystemInit
 .text.HAL_InitTick
                0x000000000800090c       0x48 Drivers/STM32F4xx_HAL_Driver/Src/stm32f4xx_hal.o
                0x000000000800090c                HAL_InitTick
 .text.HAL_Init
                0x0000000008000954       0x34 Drivers/STM32F4xx_HAL_Driver/Src/stm32f4xx_hal.o
                0x0000000008000954                HAL_Init
 .text.HAL_IncTick
                0x0000000008000988       0x18 Drivers/STM32F4xx_HAL_Driver/Src/stm32f4xx_hal.o
                0x0000000008000988                HAL_IncTick
 .text.HAL_GetTick
                0x00000000080009a0        0xc Drivers/STM32F4xx_HAL_Driver/Src/stm32f4xx_hal.o
                0x00000000080009a0                HAL_GetTick
 .text.HAL_Delay
                0x00000000080009ac       0x28 Drivers/STM32F4xx_HAL_Driver/Src/stm32f4xx_hal.o
                0x00000000080009ac                HAL_Delay
 .text.HAL_NVIC_SetPriorityGrouping
                0x00000000080009d4       0x24 Drivers/STM32F4xx_HAL_Driver/Src/stm32f4xx_hal_cortex.o
                0x00000000080009d4                HAL_NVIC_SetPriorityGrouping
 .text.HAL_NVIC_SetPriority
                0x00000000080009f8       0x68 Drivers/STM32F4xx_HAL_Driver/Src/stm32f4xx_hal_cortex.o
                0x00000000080009f8                HAL_NVIC_SetPriority
 .text.HAL_SYSTICK_Config
                0x0000000008000a60       0x2c Drivers/STM32F4xx_HAL_Driver/Src/stm32f4xx_hal_cortex.o
                0x0000000008000a60                HAL_SYSTICK_Config
 .text.HAL_GPIO_Init
                0x0000000008000a8c      0x1a4 Drivers/STM32F4xx_HAL_Driver/Src/stm32f4xx_hal_gpio.o
                0x0000000008000a8c                HAL_GPIO_Init
 .text.HAL_GPIO_WritePin
                0x0000000008000c30        0xc Drivers/STM32F4xx_HAL_Driver/Src/stm32f4xx_hal_gpio.o
                0x0000000008000c30                HAL_GPIO_WritePin
 .text.I2C_IsAcknowledgeFailed
                0x0000000008000c3c       0x32 Drivers/STM32F4xx_HAL_Driver/Src/stm32f4xx_hal_i2c.o
 .text.I2C_WaitOnFlagUntilTimeout
                0x0000000008000c6e       0x70 Drivers/STM32F4xx_HAL_Driver/Src/stm32f4xx_hal_i2c.o
 .text.I2C_WaitOnMasterAddressFlagUntilTimeout
                0x0000000008000cde       0xa4 Drivers/STM32F4xx_HAL_Driver/Src/stm32f4xx_hal_i2c.o
 *fill*         0x0000000008000d82        0x2 
 .text.I2C_MasterRequestWrite
                0x0000000008000d84       0xbc Drivers/STM32F4xx_HAL_Driver/Src/stm32f4xx_hal_i2c.o
 .text.I2C_WaitOnTXEFlagUntilTimeout
                0x0000000008000e40       0x54 Drivers/STM32F4xx_HAL_Driver/Src/stm32f4xx_hal_i2c.o
 .text.I2C_WaitOnBTFFlagUntilTimeout
                0x0000000008000e94       0x54 Drivers/STM32F4xx_HAL_Driver/Src/stm32f4xx_hal_i2c.o
 .text.HAL_I2C_Init
                0x0000000008000ee8      0x1b4 Drivers/STM32F4xx_HAL_Driver/Src/stm32f4xx_hal_i2c.o
                0x0000000008000ee8                HAL_I2C_Init
 .text.HAL_I2C_Master_Transmit
                0x000000000800109c      0x174 Drivers/STM32F4xx_HAL_Driver/Src/stm32f4xx_hal_i2c.o
                0x000000000800109c                HAL_I2C_Master_Transmit
 .text.HAL_RCC_OscConfig
                0x0000000008001210      0x3ec Drivers/STM32F4xx_HAL_Driver/Src/stm32f4xx_hal_rcc.o
                0x0000000008001210                HAL_RCC_OscConfig
 .text.HAL_RCC_GetSysClockFreq
                0x00000000080015fc       0xd8 Drivers/STM32F4xx_HAL_Driver/Src/stm32f4xx_hal_rcc.o
                0x00000000080015fc                HAL_RCC_GetSysClockFreq
 .text.HAL_RCC_ClockConfig
                0x00000000080016d4      0x160 Drivers/STM32F4xx_HAL_Driver/Src/stm32f4xx_hal_rcc.o
                0x00000000080016d4                HAL_RCC_ClockConfig
 .text.HAL_RCC_GetHCLKFreq
                0x0000000008001834        0xc Drivers/STM32F4xx_HAL_Driver/Src/stm32f4xx_hal_rcc.o
                0x0000000008001834                HAL_RCC_GetHCLKFreq
 .text.HAL_RCC_GetPCLK1Freq
                0x0000000008001840       0x20 Drivers/STM32F4xx_HAL_Driver/Src/stm32f4xx_hal_rcc.o
                0x0000000008001840                HAL_RCC_GetPCLK1Freq
 .text.HAL_RCC_GetPCLK2Freq
                0x0000000008001860       0x20 Drivers/STM32F4xx_HAL_Driver/Src/stm32f4xx_hal_rcc.o
                0x0000000008001860                HAL_RCC_GetPCLK2Freq
 .text.UART_SetConfig
                0x0000000008001880      0x218 Drivers/STM32F4xx_HAL_Driver/Src/stm32f4xx_hal_uart.o
 .text.HAL_UART_Init
                0x0000000008001a98       0x5e Drivers/STM32F4xx_HAL_Driver/Src/stm32f4xx_hal_uart.o
                0x0000000008001a98                HAL_UART_Init
 *fill*         0x0000000008001af6        0x2 
 .text.Reset_Handler
                0x0000000008001af8       0x50 startup/startup_stm32f401xe.o
                0x0000000008001af8                Reset_Handler
 .text.Default_Handler
                0x0000000008001b48        0x2 startup/startup_stm32f401xe.o
                0x0000000008001b48                RTC_Alarm_IRQHandler
                0x0000000008001b48                EXTI2_IRQHandler
                0x0000000008001b48                SPI4_IRQHandler
                0x0000000008001b48                TIM1_CC_IRQHandler
                0x0000000008001b48                DMA2_Stream5_IRQHandler
                0x0000000008001b48                DMA1_Stream5_IRQHandler
                0x0000000008001b48                PVD_IRQHandler
                0x0000000008001b48                SDIO_IRQHandler
                0x0000000008001b48                TAMP_STAMP_IRQHandler
                0x0000000008001b48                EXTI3_IRQHandler
                0x0000000008001b48                TIM1_UP_TIM10_IRQHandler
                0x0000000008001b48                I2C3_ER_IRQHandler
                0x0000000008001b48                EXTI0_IRQHandler
                0x0000000008001b48                I2C2_EV_IRQHandler
                0x0000000008001b48                DMA1_Stream2_IRQHandler
                0x0000000008001b48                FPU_IRQHandler
                0x0000000008001b48                DMA2_Stream2_IRQHandler
                0x0000000008001b48                SPI1_IRQHandler
                0x0000000008001b48                TIM1_BRK_TIM9_IRQHandler
                0x0000000008001b48                DMA2_Stream3_IRQHandler
                0x0000000008001b48                USART6_IRQHandler
                0x0000000008001b48                DMA2_Stream0_IRQHandler
                0x0000000008001b48                TIM4_IRQHandler
                0x0000000008001b48                I2C1_EV_IRQHandler
                0x0000000008001b48                DMA1_Stream6_IRQHandler
                0x0000000008001b48                DMA1_Stream1_IRQHandler
                0x0000000008001b48                TIM3_IRQHandler
                0x0000000008001b48                RCC_IRQHandler
                0x0000000008001b48                Default_Handler
                0x0000000008001b48                EXTI15_10_IRQHandler
                0x0000000008001b48                ADC_IRQHandler
                0x0000000008001b48                DMA1_Stream7_IRQHandler
                0x0000000008001b48                TIM5_IRQHandler
                0x0000000008001b48                DMA2_Stream7_IRQHandler
                0x0000000008001b48                I2C3_EV_IRQHandler
                0x0000000008001b48                EXTI9_5_IRQHandler
                0x0000000008001b48                RTC_WKUP_IRQHandler
                0x0000000008001b48                SPI2_IRQHandler
                0x0000000008001b48                DMA1_Stream0_IRQHandler
                0x0000000008001b48                EXTI4_IRQHandler
                0x0000000008001b48                WWDG_IRQHandler
                0x0000000008001b48                TIM2_IRQHandler
                0x0000000008001b48                OTG_FS_WKUP_IRQHandler
                0x0000000008001b48                TIM1_TRG_COM_TIM11_IRQHandler
                0x0000000008001b48                EXTI1_IRQHandler
                0x0000000008001b48                USART2_IRQHandler
                0x0000000008001b48                I2C2_ER_IRQHandler
                0x0000000008001b48                DMA2_Stream1_IRQHandler
                0x0000000008001b48                FLASH_IRQHandler
                0x0000000008001b48                DMA2_Stream4_IRQHandler
                0x0000000008001b48                USART1_IRQHandler
                0x0000000008001b48                OTG_FS_IRQHandler
                0x0000000008001b48                SPI3_IRQHandler
                0x0000000008001b48                DMA1_Stream4_IRQHandler
                0x0000000008001b48                I2C1_ER_IRQHandler
                0x0000000008001b48                DMA2_Stream6_IRQHandler
                0x0000000008001b48                DMA1_Stream3_IRQHandler
 *fill*         0x0000000008001b4a        0x2 
 .text.__libc_init_array
                0x0000000008001b4c       0x48 /home/mohamedlassine/Ac6/SystemWorkbench/plugins/fr.ac6.mcu.externaltools.arm-none.linux64_1.17.0.201812190825/tools/compiler/bin/../lib/gcc/arm-none-eabi/7.3.1/../../../../arm-none-eabi/lib/thumb/v7e-m/fpv4-sp/hard/libc_nano.a(lib_a-init.o)
                0x0000000008001b4c                __libc_init_array
 .text.memset   0x0000000008001b94       0x10 /home/mohamedlassine/Ac6/SystemWorkbench/plugins/fr.ac6.mcu.externaltools.arm-none.linux64_1.17.0.201812190825/tools/compiler/bin/../lib/gcc/arm-none-eabi/7.3.1/../../../../arm-none-eabi/lib/thumb/v7e-m/fpv4-sp/hard/libc_nano.a(lib_a-memset.o)
                0x0000000008001b94                memset
 *(.glue_7)
 .glue_7        0x0000000008001ba4        0x0 linker stubs
 *(.glue_7t)
 .glue_7t       0x0000000008001ba4        0x0 linker stubs
 *(.eh_frame)
 .eh_frame      0x0000000008001ba4        0x0 /home/mohamedlassine/Ac6/SystemWorkbench/plugins/fr.ac6.mcu.externaltools.arm-none.linux64_1.17.0.201812190825/tools/compiler/bin/../lib/gcc/arm-none-eabi/7.3.1/thumb/v7e-m/fpv4-sp/hard/crtbegin.o
 *(.init)
 .init          0x0000000008001ba4        0x4 /home/mohamedlassine/Ac6/SystemWorkbench/plugins/fr.ac6.mcu.externaltools.arm-none.linux64_1.17.0.201812190825/tools/compiler/bin/../lib/gcc/arm-none-eabi/7.3.1/thumb/v7e-m/fpv4-sp/hard/crti.o
                0x0000000008001ba4                _init
 .init          0x0000000008001ba8        0x8 /home/mohamedlassine/Ac6/SystemWorkbench/plugins/fr.ac6.mcu.externaltools.arm-none.linux64_1.17.0.201812190825/tools/compiler/bin/../lib/gcc/arm-none-eabi/7.3.1/thumb/v7e-m/fpv4-sp/hard/crtn.o
 *(.fini)
 .fini          0x0000000008001bb0        0x4 /home/mohamedlassine/Ac6/SystemWorkbench/plugins/fr.ac6.mcu.externaltools.arm-none.linux64_1.17.0.201812190825/tools/compiler/bin/../lib/gcc/arm-none-eabi/7.3.1/thumb/v7e-m/fpv4-sp/hard/crti.o
                0x0000000008001bb0                _fini
 .fini          0x0000000008001bb4        0x8 /home/mohamedlassine/Ac6/SystemWorkbench/plugins/fr.ac6.mcu.externaltools.arm-none.linux64_1.17.0.201812190825/tools/compiler/bin/../lib/gcc/arm-none-eabi/7.3.1/thumb/v7e-m/fpv4-sp/hard/crtn.o
                0x0000000008001bbc                . = ALIGN (0x4)
                0x0000000008001bbc                _etext = .

.vfp11_veneer   0x0000000008001bbc        0x0
 .vfp11_veneer  0x0000000008001bbc        0x0 linker stubs

.v4_bx          0x0000000008001bbc        0x0
 .v4_bx         0x0000000008001bbc        0x0 linker stubs

.iplt           0x0000000008001bbc        0x0
 .iplt          0x0000000008001bbc        0x0 /home/mohamedlassine/Ac6/SystemWorkbench/plugins/fr.ac6.mcu.externaltools.arm-none.linux64_1.17.0.201812190825/tools/compiler/bin/../lib/gcc/arm-none-eabi/7.3.1/thumb/v7e-m/fpv4-sp/hard/crtbegin.o

.rodata         0x0000000008001bbc       0x24
                0x0000000008001bbc                . = ALIGN (0x4)
 *(.rodata)
 .rodata        0x0000000008001bbc       0x18 Core/Src/system_stm32f4xx.o
                0x0000000008001bbc                AHBPrescTable
                0x0000000008001bcc                APBPrescTable
 *(.rodata*)
 .rodata.str1.4
                0x0000000008001bd4        0xc Core/Src/main.o
                0x0000000008001be0                . = ALIGN (0x4)

.ARM.extab
 *(.ARM.extab* .gnu.linkonce.armextab.*)

.ARM            0x0000000008001be0        0x8
                0x0000000008001be0                __exidx_start = .
 *(.ARM.exidx*)
 .ARM.exidx     0x0000000008001be0        0x8 /home/mohamedlassine/Ac6/SystemWorkbench/plugins/fr.ac6.mcu.externaltools.arm-none.linux64_1.17.0.201812190825/tools/compiler/bin/../lib/gcc/arm-none-eabi/7.3.1/thumb/v7e-m/fpv4-sp/hard/libgcc.a(_udivmoddi4.o)
                0x0000000008001be8                __exidx_end = .

.rel.dyn        0x0000000008001be8        0x0
 .rel.iplt      0x0000000008001be8        0x0 /home/mohamedlassine/Ac6/SystemWorkbench/plugins/fr.ac6.mcu.externaltools.arm-none.linux64_1.17.0.201812190825/tools/compiler/bin/../lib/gcc/arm-none-eabi/7.3.1/thumb/v7e-m/fpv4-sp/hard/crtbegin.o

.preinit_array  0x0000000008001be8        0x0
                0x0000000008001be8                PROVIDE (__preinit_array_start = .)
 *(.preinit_array*)
                0x0000000008001be8                PROVIDE (__preinit_array_end = .)

.init_array     0x0000000008001be8        0x4
                0x0000000008001be8                PROVIDE (__init_array_start = .)
 *(SORT_BY_NAME(.init_array.*))
 *(.init_array*)
 .init_array    0x0000000008001be8        0x4 /home/mohamedlassine/Ac6/SystemWorkbench/plugins/fr.ac6.mcu.externaltools.arm-none.linux64_1.17.0.201812190825/tools/compiler/bin/../lib/gcc/arm-none-eabi/7.3.1/thumb/v7e-m/fpv4-sp/hard/crtbegin.o
                0x0000000008001bec                PROVIDE (__init_array_end = .)

.fini_array     0x0000000008001bec        0x4
                [!provide]                        PROVIDE (__fini_array_start = .)
 *(SORT_BY_NAME(.fini_array.*))
 *(.fini_array*)
 .fini_array    0x0000000008001bec        0x4 /home/mohamedlassine/Ac6/SystemWorkbench/plugins/fr.ac6.mcu.externaltools.arm-none.linux64_1.17.0.201812190825/tools/compiler/bin/../lib/gcc/arm-none-eabi/7.3.1/thumb/v7e-m/fpv4-sp/hard/crtbegin.o
                [!provide]                        PROVIDE (__fini_array_end = .)
                0x0000000008001bf0                _sidata = LOADADDR (.data)

.data           0x0000000020000000        0xc load address 0x0000000008001bf0
                0x0000000020000000                . = ALIGN (0x4)
                0x0000000020000000                _sdata = .
 *(.data)
 .data          0x0000000020000000        0x4 Core/Src/system_stm32f4xx.o
                0x0000000020000000                SystemCoreClock
 .data          0x0000000020000004        0x8 Drivers/STM32F4xx_HAL_Driver/Src/stm32f4xx_hal.o
                0x0000000020000004                uwTickFreq
                0x0000000020000008                uwTickPrio
 *(.data*)
                0x000000002000000c                . = ALIGN (0x4)
                0x000000002000000c                _edata = .

.igot.plt       0x000000002000000c        0x0 load address 0x0000000008001bfc
 .igot.plt      0x000000002000000c        0x0 /home/mohamedlassine/Ac6/SystemWorkbench/plugins/fr.ac6.mcu.externaltools.arm-none.linux64_1.17.0.201812190825/tools/compiler/bin/../lib/gcc/arm-none-eabi/7.3.1/thumb/v7e-m/fpv4-sp/hard/crtbegin.o
                0x000000002000000c                . = ALIGN (0x4)

.bss            0x000000002000000c       0xb4 load address 0x0000000008001bfc
                0x000000002000000c                _sbss = .
                0x000000002000000c                __bss_start__ = _sbss
 *(.bss)
 .bss           0x000000002000000c       0x1c /home/mohamedlassine/Ac6/SystemWorkbench/plugins/fr.ac6.mcu.externaltools.arm-none.linux64_1.17.0.201812190825/tools/compiler/bin/../lib/gcc/arm-none-eabi/7.3.1/thumb/v7e-m/fpv4-sp/hard/crtbegin.o
 *(.bss*)
 *(COMMON)
 COMMON         0x0000000020000028       0x94 Core/Src/main.o
                0x0000000020000028                hi2c1
                0x000000002000007c                huart2
 COMMON         0x00000000200000bc        0x4 Drivers/STM32F4xx_HAL_Driver/Src/stm32f4xx_hal.o
                0x00000000200000bc                uwTick
                0x00000000200000c0                . = ALIGN (0x4)
                0x00000000200000c0                _ebss = .
                0x00000000200000c0                __bss_end__ = _ebss

._user_heap_stack
                0x00000000200000c0      0x600 load address 0x0000000008001bfc
                0x00000000200000c0                . = ALIGN (0x8)
                0x00000000200000c0                PROVIDE (end = .)
                [!provide]                        PROVIDE (_end = .)
                0x00000000200002c0                . = (. + _Min_Heap_Size)
 *fill*         0x00000000200000c0      0x200 
                0x00000000200006c0                . = (. + _Min_Stack_Size)
 *fill*         0x00000000200002c0      0x400 
                0x00000000200006c0                . = ALIGN (0x8)

/DISCARD/
 libc.a(*)
 libm.a(*)
 libgcc.a(*)

.ARM.attributes
                0x0000000000000000       0x30
 *(.ARM.attributes)
 .ARM.attributes
                0x0000000000000000       0x22 /home/mohamedlassine/Ac6/SystemWorkbench/plugins/fr.ac6.mcu.externaltools.arm-none.linux64_1.17.0.201812190825/tools/compiler/bin/../lib/gcc/arm-none-eabi/7.3.1/thumb/v7e-m/fpv4-sp/hard/crti.o
 .ARM.attributes
                0x0000000000000022       0x34 /home/mohamedlassine/Ac6/SystemWorkbench/plugins/fr.ac6.mcu.externaltools.arm-none.linux64_1.17.0.201812190825/tools/compiler/bin/../lib/gcc/arm-none-eabi/7.3.1/thumb/v7e-m/fpv4-sp/hard/crtbegin.o
 .ARM.attributes
                0x0000000000000056       0x39 Core/Src/main.o
 .ARM.attributes
                0x000000000000008f       0x39 Core/Src/stm32f4xx_hal_msp.o
 .ARM.attributes
                0x00000000000000c8       0x39 Core/Src/stm32f4xx_it.o
 .ARM.attributes
                0x0000000000000101       0x39 Core/Src/system_stm32f4xx.o
 .ARM.attributes
                0x000000000000013a       0x39 Drivers/STM32F4xx_HAL_Driver/Src/stm32f4xx_hal.o
 .ARM.attributes
                0x0000000000000173       0x39 Drivers/STM32F4xx_HAL_Driver/Src/stm32f4xx_hal_cortex.o
 .ARM.attributes
                0x00000000000001ac       0x39 Drivers/STM32F4xx_HAL_Driver/Src/stm32f4xx_hal_gpio.o
 .ARM.attributes
                0x00000000000001e5       0x39 Drivers/STM32F4xx_HAL_Driver/Src/stm32f4xx_hal_i2c.o
 .ARM.attributes
                0x000000000000021e       0x39 Drivers/STM32F4xx_HAL_Driver/Src/stm32f4xx_hal_rcc.o
 .ARM.attributes
                0x0000000000000257       0x39 Drivers/STM32F4xx_HAL_Driver/Src/stm32f4xx_hal_uart.o
 .ARM.attributes
                0x0000000000000290       0x21 startup/startup_stm32f401xe.o
 .ARM.attributes
                0x00000000000002b1       0x22 /home/mohamedlassine/Ac6/SystemWorkbench/plugins/fr.ac6.mcu.externaltools.arm-none.linux64_1.17.0.201812190825/tools/compiler/bin/../lib/gcc/arm-none-eabi/7.3.1/thumb/v7e-m/fpv4-sp/hard/libgcc.a(_aeabi_uldivmod.o)
 .ARM.attributes
                0x00000000000002d3       0x34 /home/mohamedlassine/Ac6/SystemWorkbench/plugins/fr.ac6.mcu.externaltools.arm-none.linux64_1.17.0.201812190825/tools/compiler/bin/../lib/gcc/arm-none-eabi/7.3.1/thumb/v7e-m/fpv4-sp/hard/libgcc.a(_udivmoddi4.o)
 .ARM.attributes
                0x0000000000000307       0x22 /home/mohamedlassine/Ac6/SystemWorkbench/plugins/fr.ac6.mcu.externaltools.arm-none.linux64_1.17.0.201812190825/tools/compiler/bin/../lib/gcc/arm-none-eabi/7.3.1/thumb/v7e-m/fpv4-sp/hard/libgcc.a(_dvmd_tls.o)
 .ARM.attributes
                0x0000000000000329       0x34 /home/mohamedlassine/Ac6/SystemWorkbench/plugins/fr.ac6.mcu.externaltools.arm-none.linux64_1.17.0.201812190825/tools/compiler/bin/../lib/gcc/arm-none-eabi/7.3.1/../../../../arm-none-eabi/lib/thumb/v7e-m/fpv4-sp/hard/libc_nano.a(lib_a-init.o)
 .ARM.attributes
                0x000000000000035d       0x34 /home/mohamedlassine/Ac6/SystemWorkbench/plugins/fr.ac6.mcu.externaltools.arm-none.linux64_1.17.0.201812190825/tools/compiler/bin/../lib/gcc/arm-none-eabi/7.3.1/../../../../arm-none-eabi/lib/thumb/v7e-m/fpv4-sp/hard/libc_nano.a(lib_a-memset.o)
 .ARM.attributes
                0x0000000000000391       0x22 /home/mohamedlassine/Ac6/SystemWorkbench/plugins/fr.ac6.mcu.externaltools.arm-none.linux64_1.17.0.201812190825/tools/compiler/bin/../lib/gcc/arm-none-eabi/7.3.1/thumb/v7e-m/fpv4-sp/hard/crtn.o
OUTPUT(lcd_i2cxxxx.elf elf32-littlearm)

.debug_info     0x0000000000000000     0x9d62
 .debug_info    0x0000000000000000     0x1260 Core/Src/main.o
 .debug_info    0x0000000000001260      0xd39 Core/Src/stm32f4xx_hal_msp.o
 .debug_info    0x0000000000001f99      0x223 Core/Src/stm32f4xx_it.o
 .debug_info    0x00000000000021bc      0x583 Core/Src/system_stm32f4xx.o
 .debug_info    0x000000000000273f      0x97a Drivers/STM32F4xx_HAL_Driver/Src/stm32f4xx_hal.o
 .debug_info    0x00000000000030b9      0xef6 Drivers/STM32F4xx_HAL_Driver/Src/stm32f4xx_hal_cortex.o
 .debug_info    0x0000000000003faf      0x7e4 Drivers/STM32F4xx_HAL_Driver/Src/stm32f4xx_hal_gpio.o
 .debug_info    0x0000000000004793     0x33df Drivers/STM32F4xx_HAL_Driver/Src/stm32f4xx_hal_i2c.o
 .debug_info    0x0000000000007b72      0xab9 Drivers/STM32F4xx_HAL_Driver/Src/stm32f4xx_hal_rcc.o
 .debug_info    0x000000000000862b     0x1715 Drivers/STM32F4xx_HAL_Driver/Src/stm32f4xx_hal_uart.o
 .debug_info    0x0000000000009d40       0x22 startup/startup_stm32f401xe.o

.debug_abbrev   0x0000000000000000     0x14f8
 .debug_abbrev  0x0000000000000000      0x271 Core/Src/main.o
 .debug_abbrev  0x0000000000000271      0x1b1 Core/Src/stm32f4xx_hal_msp.o
 .debug_abbrev  0x0000000000000422       0xe4 Core/Src/stm32f4xx_it.o
 .debug_abbrev  0x0000000000000506      0x12b Core/Src/system_stm32f4xx.o
 .debug_abbrev  0x0000000000000631      0x218 Drivers/STM32F4xx_HAL_Driver/Src/stm32f4xx_hal.o
 .debug_abbrev  0x0000000000000849      0x328 Drivers/STM32F4xx_HAL_Driver/Src/stm32f4xx_hal_cortex.o
 .debug_abbrev  0x0000000000000b71      0x1e7 Drivers/STM32F4xx_HAL_Driver/Src/stm32f4xx_hal_gpio.o
 .debug_abbrev  0x0000000000000d58      0x284 Drivers/STM32F4xx_HAL_Driver/Src/stm32f4xx_hal_i2c.o
 .debug_abbrev  0x0000000000000fdc      0x273 Drivers/STM32F4xx_HAL_Driver/Src/stm32f4xx_hal_rcc.o
 .debug_abbrev  0x000000000000124f      0x297 Drivers/STM32F4xx_HAL_Driver/Src/stm32f4xx_hal_uart.o
 .debug_abbrev  0x00000000000014e6       0x12 startup/startup_stm32f401xe.o

.debug_loc      0x0000000000000000     0x5f6e
 .debug_loc     0x0000000000000000       0xac Core/Src/main.o
 .debug_loc     0x00000000000000ac       0xcf Core/Src/stm32f4xx_hal_msp.o
 .debug_loc     0x000000000000017b      0x13e Core/Src/system_stm32f4xx.o
 .debug_loc     0x00000000000002b9      0x11b Drivers/STM32F4xx_HAL_Driver/Src/stm32f4xx_hal.o
 .debug_loc     0x00000000000003d4      0x5ce Drivers/STM32F4xx_HAL_Driver/Src/stm32f4xx_hal_cortex.o
 .debug_loc     0x00000000000009a2      0x476 Drivers/STM32F4xx_HAL_Driver/Src/stm32f4xx_hal_gpio.o
 .debug_loc     0x0000000000000e18     0x37ae Drivers/STM32F4xx_HAL_Driver/Src/stm32f4xx_hal_i2c.o
 .debug_loc     0x00000000000045c6      0x40f Drivers/STM32F4xx_HAL_Driver/Src/stm32f4xx_hal_rcc.o
 .debug_loc     0x00000000000049d5     0x1599 Drivers/STM32F4xx_HAL_Driver/Src/stm32f4xx_hal_uart.o

.debug_aranges  0x0000000000000000      0x840
 .debug_aranges
                0x0000000000000000       0x68 Core/Src/main.o
 .debug_aranges
                0x0000000000000068       0x40 Core/Src/stm32f4xx_hal_msp.o
 .debug_aranges
                0x00000000000000a8       0x60 Core/Src/stm32f4xx_it.o
 .debug_aranges
                0x0000000000000108       0x28 Core/Src/system_stm32f4xx.o
 .debug_aranges
                0x0000000000000130       0xf0 Drivers/STM32F4xx_HAL_Driver/Src/stm32f4xx_hal.o
 .debug_aranges
                0x0000000000000220       0xa8 Drivers/STM32F4xx_HAL_Driver/Src/stm32f4xx_hal_cortex.o
 .debug_aranges
                0x00000000000002c8       0x58 Drivers/STM32F4xx_HAL_Driver/Src/stm32f4xx_hal_gpio.o
 .debug_aranges
                0x0000000000000320      0x2a0 Drivers/STM32F4xx_HAL_Driver/Src/stm32f4xx_hal_i2c.o
 .debug_aranges
                0x00000000000005c0       0x88 Drivers/STM32F4xx_HAL_Driver/Src/stm32f4xx_hal_rcc.o
 .debug_aranges
                0x0000000000000648      0x1d0 Drivers/STM32F4xx_HAL_Driver/Src/stm32f4xx_hal_uart.o
 .debug_aranges
                0x0000000000000818       0x28 startup/startup_stm32f401xe.o

.debug_ranges   0x0000000000000000      0x830
 .debug_ranges  0x0000000000000000       0x58 Core/Src/main.o
 .debug_ranges  0x0000000000000058       0x30 Core/Src/stm32f4xx_hal_msp.o
 .debug_ranges  0x0000000000000088       0x50 Core/Src/stm32f4xx_it.o
 .debug_ranges  0x00000000000000d8       0x18 Core/Src/system_stm32f4xx.o
 .debug_ranges  0x00000000000000f0       0xe0 Drivers/STM32F4xx_HAL_Driver/Src/stm32f4xx_hal.o
 .debug_ranges  0x00000000000001d0       0xf8 Drivers/STM32F4xx_HAL_Driver/Src/stm32f4xx_hal_cortex.o
 .debug_ranges  0x00000000000002c8       0x48 Drivers/STM32F4xx_HAL_Driver/Src/stm32f4xx_hal_gpio.o
 .debug_ranges  0x0000000000000310      0x2b0 Drivers/STM32F4xx_HAL_Driver/Src/stm32f4xx_hal_i2c.o
 .debug_ranges  0x00000000000005c0       0x90 Drivers/STM32F4xx_HAL_Driver/Src/stm32f4xx_hal_rcc.o
 .debug_ranges  0x0000000000000650      0x1c0 Drivers/STM32F4xx_HAL_Driver/Src/stm32f4xx_hal_uart.o
 .debug_ranges  0x0000000000000810       0x20 startup/startup_stm32f401xe.o

.debug_macro    0x0000000000000000    0x14b80
 .debug_macro   0x0000000000000000      0x1e8 Core/Src/main.o
 .debug_macro   0x00000000000001e8      0xa54 Core/Src/main.o
 .debug_macro   0x0000000000000c3c      0x294 Core/Src/main.o
 .debug_macro   0x0000000000000ed0       0x2e Core/Src/main.o
 .debug_macro   0x0000000000000efe       0x28 Core/Src/main.o
 .debug_macro   0x0000000000000f26       0x22 Core/Src/main.o
 .debug_macro   0x0000000000000f48       0x8e Core/Src/main.o
 .debug_macro   0x0000000000000fd6       0x51 Core/Src/main.o
 .debug_macro   0x0000000000001027       0xef Core/Src/main.o
 .debug_macro   0x0000000000001116       0x6a Core/Src/main.o
 .debug_macro   0x0000000000001180      0x1df Core/Src/main.o
 .debug_macro   0x000000000000135f       0x1c Core/Src/main.o
 .debug_macro   0x000000000000137b       0x22 Core/Src/main.o
 .debug_macro   0x000000000000139d       0xdf Core/Src/main.o
 .debug_macro   0x000000000000147c     0x102d Core/Src/main.o
 .debug_macro   0x00000000000024a9      0x11f Core/Src/main.o
 .debug_macro   0x00000000000025c8     0xb850 Core/Src/main.o
 .debug_macro   0x000000000000de18       0x43 Core/Src/main.o
 .debug_macro   0x000000000000de5b     0x3659 Core/Src/main.o
 .debug_macro   0x00000000000114b4      0x174 Core/Src/main.o
 .debug_macro   0x0000000000011628       0x5a Core/Src/main.o
 .debug_macro   0x0000000000011682      0x416 Core/Src/main.o
 .debug_macro   0x0000000000011a98      0x9fe Core/Src/main.o
 .debug_macro   0x0000000000012496      0x117 Core/Src/main.o
 .debug_macro   0x00000000000125ad       0xf8 Core/Src/main.o
 .debug_macro   0x00000000000126a5       0x27 Core/Src/main.o
 .debug_macro   0x00000000000126cc      0x15f Core/Src/main.o
 .debug_macro   0x000000000001282b      0x287 Core/Src/main.o
 .debug_macro   0x0000000000012ab2       0x5f Core/Src/main.o
 .debug_macro   0x0000000000012b11      0x236 Core/Src/main.o
 .debug_macro   0x0000000000012d47      0x132 Core/Src/main.o
 .debug_macro   0x0000000000012e79      0x264 Core/Src/main.o
 .debug_macro   0x00000000000130dd       0x2e Core/Src/main.o
 .debug_macro   0x000000000001310b      0x1b5 Core/Src/main.o
 .debug_macro   0x00000000000132c0       0x22 Core/Src/main.o
 .debug_macro   0x00000000000132e2       0xd6 Core/Src/main.o
 .debug_macro   0x00000000000133b8      0x11a Core/Src/main.o
 .debug_macro   0x00000000000134d2       0x85 Core/Src/main.o
 .debug_macro   0x0000000000013557       0x89 Core/Src/main.o
 .debug_macro   0x00000000000135e0      0x287 Core/Src/main.o
 .debug_macro   0x0000000000013867      0x126 Core/Src/main.o
 .debug_macro   0x000000000001398d       0x58 Core/Src/main.o
 .debug_macro   0x00000000000139e5      0x1e2 Core/Src/stm32f4xx_hal_msp.o
 .debug_macro   0x0000000000013bc7      0x1ec Core/Src/stm32f4xx_it.o
 .debug_macro   0x0000000000013db3      0x1d9 Core/Src/system_stm32f4xx.o
 .debug_macro   0x0000000000013f8c      0x233 Drivers/STM32F4xx_HAL_Driver/Src/stm32f4xx_hal.o
 .debug_macro   0x00000000000141bf      0x1d3 Drivers/STM32F4xx_HAL_Driver/Src/stm32f4xx_hal_cortex.o
 .debug_macro   0x0000000000014392      0x209 Drivers/STM32F4xx_HAL_Driver/Src/stm32f4xx_hal_gpio.o
 .debug_macro   0x000000000001459b      0x21a Drivers/STM32F4xx_HAL_Driver/Src/stm32f4xx_hal_i2c.o
 .debug_macro   0x00000000000147b5      0x1f7 Drivers/STM32F4xx_HAL_Driver/Src/stm32f4xx_hal_rcc.o
 .debug_macro   0x00000000000149ac      0x1d4 Drivers/STM32F4xx_HAL_Driver/Src/stm32f4xx_hal_uart.o

.debug_line     0x0000000000000000     0x746c
 .debug_line    0x0000000000000000      0x873 Core/Src/main.o
 .debug_line    0x0000000000000873      0x7db Core/Src/stm32f4xx_hal_msp.o
 .debug_line    0x000000000000104e      0x7fd Core/Src/stm32f4xx_it.o
 .debug_line    0x000000000000184b      0x78e Core/Src/system_stm32f4xx.o
 .debug_line    0x0000000000001fd9      0x96b Drivers/STM32F4xx_HAL_Driver/Src/stm32f4xx_hal.o
 .debug_line    0x0000000000002944      0x9bd Drivers/STM32F4xx_HAL_Driver/Src/stm32f4xx_hal_cortex.o
 .debug_line    0x0000000000003301      0x8d5 Drivers/STM32F4xx_HAL_Driver/Src/stm32f4xx_hal_gpio.o
 .debug_line    0x0000000000003bd6     0x1d60 Drivers/STM32F4xx_HAL_Driver/Src/stm32f4xx_hal_i2c.o
 .debug_line    0x0000000000005936      0x9fe Drivers/STM32F4xx_HAL_Driver/Src/stm32f4xx_hal_rcc.o
 .debug_line    0x0000000000006334     0x10ba Drivers/STM32F4xx_HAL_Driver/Src/stm32f4xx_hal_uart.o
 .debug_line    0x00000000000073ee       0x7e startup/startup_stm32f401xe.o

.debug_str      0x0000000000000000    0x82a3c
 .debug_str     0x0000000000000000    0x80771 Core/Src/main.o
                                      0x80a72 (size before relaxing)
 .debug_str     0x0000000000080771       0xaa Core/Src/stm32f4xx_hal_msp.o
                                      0x80851 (size before relaxing)
 .debug_str     0x000000000008081b       0xc9 Core/Src/stm32f4xx_it.o
                                      0x8005f (size before relaxing)
 .debug_str     0x00000000000808e4       0xc4 Core/Src/system_stm32f4xx.o
                                      0x80038 (size before relaxing)
 .debug_str     0x00000000000809a8      0x918 Drivers/STM32F4xx_HAL_Driver/Src/stm32f4xx_hal.o
                                      0x809e8 (size before relaxing)
 .debug_str     0x00000000000812c0      0x354 Drivers/STM32F4xx_HAL_Driver/Src/stm32f4xx_hal_cortex.o
                                      0x80780 (size before relaxing)
 .debug_str     0x0000000000081614      0x1dc Drivers/STM32F4xx_HAL_Driver/Src/stm32f4xx_hal_gpio.o
                                      0x80277 (size before relaxing)
 .debug_str     0x00000000000817f0      0xafd Drivers/STM32F4xx_HAL_Driver/Src/stm32f4xx_hal_i2c.o
                                      0x80ffd (size before relaxing)
 .debug_str     0x00000000000822ed      0x213 Drivers/STM32F4xx_HAL_Driver/Src/stm32f4xx_hal_rcc.o
                                      0x8044c (size before relaxing)
 .debug_str     0x0000000000082500      0x50d Drivers/STM32F4xx_HAL_Driver/Src/stm32f4xx_hal_uart.o
                                      0x808e9 (size before relaxing)
 .debug_str     0x0000000000082a0d       0x2f startup/startup_stm32f401xe.o
                                         0x70 (size before relaxing)

.comment        0x0000000000000000       0x7f
 .comment       0x0000000000000000       0x7f Core/Src/main.o
                                         0x80 (size before relaxing)
 .comment       0x000000000000007f       0x80 Core/Src/stm32f4xx_hal_msp.o
 .comment       0x000000000000007f       0x80 Core/Src/stm32f4xx_it.o
 .comment       0x000000000000007f       0x80 Core/Src/system_stm32f4xx.o
 .comment       0x000000000000007f       0x80 Drivers/STM32F4xx_HAL_Driver/Src/stm32f4xx_hal.o
 .comment       0x000000000000007f       0x80 Drivers/STM32F4xx_HAL_Driver/Src/stm32f4xx_hal_cortex.o
 .comment       0x000000000000007f       0x80 Drivers/STM32F4xx_HAL_Driver/Src/stm32f4xx_hal_gpio.o
 .comment       0x000000000000007f       0x80 Drivers/STM32F4xx_HAL_Driver/Src/stm32f4xx_hal_i2c.o
 .comment       0x000000000000007f       0x80 Drivers/STM32F4xx_HAL_Driver/Src/stm32f4xx_hal_rcc.o
 .comment       0x000000000000007f       0x80 Drivers/STM32F4xx_HAL_Driver/Src/stm32f4xx_hal_uart.o

.debug_frame    0x0000000000000000     0x1710
 .debug_frame   0x0000000000000000      0x110 Core/Src/main.o
 .debug_frame   0x0000000000000110       0xa0 Core/Src/stm32f4xx_hal_msp.o
 .debug_frame   0x00000000000001b0       0xa8 Core/Src/stm32f4xx_it.o
 .debug_frame   0x0000000000000258       0x30 Core/Src/system_stm32f4xx.o
 .debug_frame   0x0000000000000288      0x1ec Drivers/STM32F4xx_HAL_Driver/Src/stm32f4xx_hal.o
 .debug_frame   0x0000000000000474      0x15c Drivers/STM32F4xx_HAL_Driver/Src/stm32f4xx_hal_cortex.o
 .debug_frame   0x00000000000005d0       0xd8 Drivers/STM32F4xx_HAL_Driver/Src/stm32f4xx_hal_gpio.o
 .debug_frame   0x00000000000006a8      0x948 Drivers/STM32F4xx_HAL_Driver/Src/stm32f4xx_hal_i2c.o
 .debug_frame   0x0000000000000ff0      0x184 Drivers/STM32F4xx_HAL_Driver/Src/stm32f4xx_hal_rcc.o
 .debug_frame   0x0000000000001174      0x4f0 Drivers/STM32F4xx_HAL_Driver/Src/stm32f4xx_hal_uart.o
 .debug_frame   0x0000000000001664       0x2c /home/mohamedlassine/Ac6/SystemWorkbench/plugins/fr.ac6.mcu.externaltools.arm-none.linux64_1.17.0.201812190825/tools/compiler/bin/../lib/gcc/arm-none-eabi/7.3.1/thumb/v7e-m/fpv4-sp/hard/libgcc.a(_aeabi_uldivmod.o)
 .debug_frame   0x0000000000001690       0x34 /home/mohamedlassine/Ac6/SystemWorkbench/plugins/fr.ac6.mcu.externaltools.arm-none.linux64_1.17.0.201812190825/tools/compiler/bin/../lib/gcc/arm-none-eabi/7.3.1/thumb/v7e-m/fpv4-sp/hard/libgcc.a(_udivmoddi4.o)
 .debug_frame   0x00000000000016c4       0x2c /home/mohamedlassine/Ac6/SystemWorkbench/plugins/fr.ac6.mcu.externaltools.arm-none.linux64_1.17.0.201812190825/tools/compiler/bin/../lib/gcc/arm-none-eabi/7.3.1/../../../../arm-none-eabi/lib/thumb/v7e-m/fpv4-sp/hard/libc_nano.a(lib_a-init.o)
 .debug_frame   0x00000000000016f0       0x20 /home/mohamedlassine/Ac6/SystemWorkbench/plugins/fr.ac6.mcu.externaltools.arm-none.linux64_1.17.0.201812190825/tools/compiler/bin/../lib/gcc/arm-none-eabi/7.3.1/../../../../arm-none-eabi/lib/thumb/v7e-m/fpv4-sp/hard/libc_nano.a(lib_a-memset.o)
